#-----------------------------------------------------------
# Vivado v2019.1 (64-bit)
# SW Build 2552052 on Fri May 24 14:49:42 MDT 2019
# IP Build 2548770 on Fri May 24 18:01:18 MDT 2019
# Start of session at: Wed Jan  3 20:48:12 2024
# Process ID: 29400
# Current directory: E:/Code/HardwareDesign/HCD/ArmController
# Command line: vivado.exe -gui_launcher_event rodinguilauncherevent28744 E:\Code\HardwareDesign\HCD\ArmController\PS_9201080N0118_9201080N0139.xpr
# Log file: E:/Code/HardwareDesign/HCD/ArmController/vivado.log
# Journal file: E:/Code/HardwareDesign/HCD/ArmController\vivado.jou
#-----------------------------------------------------------
start_gui
open_project E:/Code/HardwareDesign/HCD/ArmController/PS_9201080N0118_9201080N0139.xpr
update_compile_order -fileset sources_1
launch_sdk -workspace E:/Code/HardwareDesign/HCD/ArmController/PS_9201080N0118_9201080N0139.sdk -hwspec E:/Code/HardwareDesign/HCD/ArmController/PS_9201080N0118_9201080N0139.sdk/PS_9201080N0118_wrapper.hdf
