19:30:57 **** Auto Build of configuration Debug for project PS_9201080N0118_9201080N0139_Project ****
make pre-build main-build 
a9-linaro-pre-build-step
' '
'Building file: ../src/helloworld.c'
'Invoking: ARM v7 gcc compiler'
arm-none-eabi-gcc -Wall -O0 -g3 -c -fmessage-length=0 -MT"src/helloworld.o" -mcpu=cortex-a9 -mfpu=vfpv3 -mfloat-abi=hard -I../../PS_9201080N0118_9201080N0139/ps7_cortexa9_0/include -MMD -MP -MF"src/helloworld.d" -MT"src/helloworld.o" -o "src/helloworld.o" "../src/helloworld.c"
'Finished building: ../src/helloworld.c'
' '
'Building file: ../src/platform.c'
'Invoking: ARM v7 gcc compiler'
arm-none-eabi-gcc -Wall -O0 -g3 -c -fmessage-length=0 -MT"src/platform.o" -mcpu=cortex-a9 -mfpu=vfpv3 -mfloat-abi=hard -I../../PS_9201080N0118_9201080N0139/ps7_cortexa9_0/include -MMD -MP -MF"src/platform.d" -MT"src/platform.o" -o "src/platform.o" "../src/platform.c"
'Finished building: ../src/platform.c'
' '
'Building target: PS_9201080N0118_9201080N0139_Project.elf'
'Invoking: ARM v7 gcc linker'
arm-none-eabi-gcc -mcpu=cortex-a9 -mfpu=vfpv3 -mfloat-abi=hard -Wl,-build-id=none -specs=Xilinx.spec -Wl,-T -Wl,../src/lscript.ld -L../../PS_9201080N0118_9201080N0139/ps7_cortexa9_0/lib -o "PS_9201080N0118_9201080N0139_Project.elf"  ./src/helloworld.o ./src/platform.o   -Wl,--start-group,-lxil,-lgcc,-lc,--end-group
'Finished building target: PS_9201080N0118_9201080N0139_Project.elf'
' '
'Invoking: ARM v7 Print Size'
arm-none-eabi-size PS_9201080N0118_9201080N0139_Project.elf  |tee "PS_9201080N0118_9201080N0139_Project.elf.size"
   text	   data	    bss	    dec	    hex	filename
  30504	   1144	  24376	  56024	   dad8	PS_9201080N0118_9201080N0139_Project.elf
'Finished building: PS_9201080N0118_9201080N0139_Project.elf.size'
' '

19:30:58 Build Finished (took 1s.451ms)

